  Determinando los proyectos que se van a restaurar...
  Todos los proyectos est├ín actualizados para la restauraci├│n.
  MedIQ-CRUD -> C:\Users\Dylan\Documentos\Cuarto semestre\Dise├▒o Software\ProyectoMVC\DWS\MedIQ-CRUD\bin\Debug\net8.0\MedIQ-CRUD.dll
  MedIQ-Modelos -> C:\Users\Dylan\Documentos\Cuarto semestre\Dise├▒o Software\ProyectoMVC\DWS\MedIQ-Modelos\bin\Debug\net8.0\MedIQ-Modelos.dll
C:\Users\Dylan\Documentos\Cuarto semestre\Dise├▒o Software\ProyectoMVC\DWS\MedIQ-API\Migrations\20260119213810_Final.Designer.cs(13,23): error CS0246: El nombre del tipo o del espacio de nombres 'AppDbContext' no se encontr├│ (┬┐falta una directiva using o una referencia de ensamblado?) [C:\Users\Dylan\Documentos\Cuarto semestre\Dise├▒o Software\ProyectoMVC\DWS\MedIQ-API\MedIQ-API.csproj]
C:\Users\Dylan\Documentos\Cuarto semestre\Dise├▒o Software\ProyectoMVC\DWS\MedIQ-API\Migrations\AppDbContextModelSnapshot.cs(12,23): error CS0246: El nombre del tipo o del espacio de nombres 'AppDbContext' no se encontr├│ (┬┐falta una directiva using o una referencia de ensamblado?) [C:\Users\Dylan\Documentos\Cuarto semestre\Dise├▒o Software\ProyectoMVC\DWS\MedIQ-API\MedIQ-API.csproj]
C:\Users\Dylan\Documentos\Cuarto semestre\Dise├▒o Software\ProyectoMVC\DWS\MedIQ-API\Controllers\MensajesController.cs(16,26): error CS0246: El nombre del tipo o del espacio de nombres 'AppDbContext' no se encontr├│ (┬┐falta una directiva using o una referencia de ensamblado?) [C:\Users\Dylan\Documentos\Cuarto semestre\Dise├▒o Software\ProyectoMVC\DWS\MedIQ-API\MedIQ-API.csproj]
C:\Users\Dylan\Documentos\Cuarto semestre\Dise├▒o Software\ProyectoMVC\DWS\MedIQ-API\Controllers\MensajesController.cs(18,35): error CS0246: El nombre del tipo o del espacio de nombres 'AppDbContext' no se encontr├│ (┬┐falta una directiva using o una referencia de ensamblado?) [C:\Users\Dylan\Documentos\Cuarto semestre\Dise├▒o Software\ProyectoMVC\DWS\MedIQ-API\MedIQ-API.csproj]
C:\Users\Dylan\Documentos\Cuarto semestre\Dise├▒o Software\ProyectoMVC\DWS\MedIQ-API\Controllers\UsuariosController.cs(16,26): error CS0246: El nombre del tipo o del espacio de nombres 'AppDbContext' no se encontr├│ (┬┐falta una directiva using o una referencia de ensamblado?) [C:\Users\Dylan\Documentos\Cuarto semestre\Dise├▒o Software\ProyectoMVC\DWS\MedIQ-API\MedIQ-API.csproj]
C:\Users\Dylan\Documentos\Cuarto semestre\Dise├▒o Software\ProyectoMVC\DWS\MedIQ-API\Controllers\UsuariosController.cs(18,35): error CS0246: El nombre del tipo o del espacio de nombres 'AppDbContext' no se encontr├│ (┬┐falta una directiva using o una referencia de ensamblado?) [C:\Users\Dylan\Documentos\Cuarto semestre\Dise├▒o Software\ProyectoMVC\DWS\MedIQ-API\MedIQ-API.csproj]

ERROR al compilar.

C:\Users\Dylan\Documentos\Cuarto semestre\Dise├▒o Software\ProyectoMVC\DWS\MedIQ-API\Migrations\20260119213810_Final.Designer.cs(13,23): error CS0246: El nombre del tipo o del espacio de nombres 'AppDbContext' no se encontr├│ (┬┐falta una directiva using o una referencia de ensamblado?) [C:\Users\Dylan\Documentos\Cuarto semestre\Dise├▒o Software\ProyectoMVC\DWS\MedIQ-API\MedIQ-API.csproj]
C:\Users\Dylan\Documentos\Cuarto semestre\Dise├▒o Software\ProyectoMVC\DWS\MedIQ-API\Migrations\AppDbContextModelSnapshot.cs(12,23): error CS0246: El nombre del tipo o del espacio de nombres 'AppDbContext' no se encontr├│ (┬┐falta una directiva using o una referencia de ensamblado?) [C:\Users\Dylan\Documentos\Cuarto semestre\Dise├▒o Software\ProyectoMVC\DWS\MedIQ-API\MedIQ-API.csproj]
C:\Users\Dylan\Documentos\Cuarto semestre\Dise├▒o Software\ProyectoMVC\DWS\MedIQ-API\Controllers\MensajesController.cs(16,26): error CS0246: El nombre del tipo o del espacio de nombres 'AppDbContext' no se encontr├│ (┬┐falta una directiva using o una referencia de ensamblado?) [C:\Users\Dylan\Documentos\Cuarto semestre\Dise├▒o Software\ProyectoMVC\DWS\MedIQ-API\MedIQ-API.csproj]
C:\Users\Dylan\Documentos\Cuarto semestre\Dise├▒o Software\ProyectoMVC\DWS\MedIQ-API\Controllers\MensajesController.cs(18,35): error CS0246: El nombre del tipo o del espacio de nombres 'AppDbContext' no se encontr├│ (┬┐falta una directiva using o una referencia de ensamblado?) [C:\Users\Dylan\Documentos\Cuarto semestre\Dise├▒o Software\ProyectoMVC\DWS\MedIQ-API\MedIQ-API.csproj]
C:\Users\Dylan\Documentos\Cuarto semestre\Dise├▒o Software\ProyectoMVC\DWS\MedIQ-API\Controllers\UsuariosController.cs(16,26): error CS0246: El nombre del tipo o del espacio de nombres 'AppDbContext' no se encontr├│ (┬┐falta una directiva using o una referencia de ensamblado?) [C:\Users\Dylan\Documentos\Cuarto semestre\Dise├▒o Software\ProyectoMVC\DWS\MedIQ-API\MedIQ-API.csproj]
C:\Users\Dylan\Documentos\Cuarto semestre\Dise├▒o Software\ProyectoMVC\DWS\MedIQ-API\Controllers\UsuariosController.cs(18,35): error CS0246: El nombre del tipo o del espacio de nombres 'AppDbContext' no se encontr├│ (┬┐falta una directiva using o una referencia de ensamblado?) [C:\Users\Dylan\Documentos\Cuarto semestre\Dise├▒o Software\ProyectoMVC\DWS\MedIQ-API\MedIQ-API.csproj]
    0 Advertencia(s)
    6 Errores

Tiempo transcurrido 00:00:01.48

Hay actualizaciones de carga de trabajo disponibles. Ejecute "dotnet workload list" para obtener m├ís informaci├│n.
